
> lingjingge@0.1.0 build
> next build

  鈻?Next.js 14.2.3
  - Environments: .env.local

   Creating an optimized production build ...
 鉁?Compiled successfully
   Linting and checking validity of types ...
   Collecting page data ...
   Generating static pages (0/47) ...
   Generating static pages (11/47) 
node.exe : 鑾峰彇鐢ㄦ埛瑙掕壊澶辫触: n [Error]: Dynamic server usage: Route /guan/pastlife 
couldn't be rendered statically because it used cookies. See more info here: ht
tps://nextjs.org/docs/messages/dynamic-server-error
所在位置 行:1 字符: 1
+ & "C:\Program Files\nodejs/node.exe" "C:\Users\lujie\AppData\Roaming\ ...
+ ~~~~~~~~~~~~~~~~~~~~~~~~~~~~~~~~~~~~~~~~~~~~~~~~~~~~~~~~~~~~~~~~~~~~~
    + CategoryInfo          : NotSpecified: (鑾峰彇鐢ㄦ埛瑙掕壊澶辫触: n...ic-server-error 
   :String) [], RemoteException
    + FullyQualifiedErrorId : NativeCommandError
 
    at u (C:\Users\lujie\Documents\trae_projects\lingjingge\.next\server\chunks
\8948.js:1:50424)
    at f (C:\Users\lujie\Documents\trae_projects\lingjingge\.next\server\chunks
\6400.js:23:9420)
    at a (C:\Users\lujie\Documents\trae_projects\lingjingge\.next\server\chunks
\53.js:1:8739)
    at u (C:\Users\lujie\Documents\trae_projects\lingjingge\.next\server\app\gu
an\pastlife\page.js:4:7063)
    at eh (C:\Users\lujie\Documents\trae_projects\lingjingge\node_modules\next\
dist\compiled\next-server\app-page.runtime.prod.js:12:134786)
    at e (C:\Users\lujie\Documents\trae_projects\lingjingge\node_modules\next\d
ist\compiled\next-server\app-page.runtime.prod.js:12:137671)
    at ek (C:\Users\lujie\Documents\trae_projects\lingjingge\node_modules\next\
dist\compiled\next-server\app-page.runtime.prod.js:12:138145)
    at Array.toJSON (C:\Users\lujie\Documents\trae_projects\lingjingge\node_mod
ules\next\dist\compiled\next-server\app-page.runtime.prod.js:12:135755)
    at stringify (<anonymous>)
    at eR (C:\Users\lujie\Documents\trae_projects\lingjingge\node_modules\next\
dist\compiled\next-server\app-page.runtime.prod.js:12:142219) {
  description: "Route /guan/pastlife couldn't be rendered statically because it
 used cookies. See more info here: https://nextjs.org/docs/messages/dynamic-ser
ver-error",
  digest: 'DYNAMIC_SERVER_USAGE'
}
鑾峰彇鐢ㄦ埛瑙掕壊澶辫触: n [Error]: Dynamic server usage: Route /guan/pastlife couldn't be
 rendered statically because it used cookies. See more info here: https://nextj
s.org/docs/messages/dynamic-server-error
    at u (C:\Users\lujie\Documents\trae_projects\lingjingge\.next\server\chunks
\8948.js:1:50424)
    at f (C:\Users\lujie\Documents\trae_projects\lingjingge\.next\server\chunks
\6400.js:23:9420)
    at a (C:\Users\lujie\Documents\trae_projects\lingjingge\.next\server\chunks
\53.js:1:8739)
    at u (C:\Users\lujie\Documents\trae_projects\lingjingge\.next\server\app\gu
an\pastlife\page.js:4:7063)
    at eh (C:\Users\lujie\Documents\trae_projects\lingjingge\node_modules\next\
dist\compiled\next-server\app-page.runtime.prod.js:12:134786)
    at e (C:\Users\lujie\Documents\trae_projects\lingjingge\node_modules\next\d
ist\compiled\next-server\app-page.runtime.prod.js:12:137671)
    at ek (C:\Users\lujie\Documents\trae_projects\lingjingge\node_modules\next\
dist\compiled\next-server\app-page.runtime.prod.js:12:138145)
    at Array.toJSON (C:\Users\lujie\Documents\trae_projects\lingjingge\node_mod
ules\next\dist\compiled\next-server\app-page.runtime.prod.js:12:135755)
    at stringify (<anonymous>)
    at eR (C:\Users\lujie\Documents\trae_projects\lingjingge\node_modules\next\
dist\compiled\next-server\app-page.runtime.prod.js:12:142219) {
  description: "Route /guan/pastlife couldn't be rendered statically because it
 used cookies. See more info here: https://nextjs.org/docs/messages/dynamic-ser
ver-error",
  digest: 'DYNAMIC_SERVER_USAGE'
}
鑾峰彇鐢ㄦ埛瑙掕壊澶辫触: n [Error]: Dynamic server usage: Route /guan/name couldn't be ren
dered statically because it used cookies. See more info here: https://nextjs.or
g/docs/messages/dynamic-server-error
    at u (C:\Users\lujie\Documents\trae_projects\lingjingge\.next\server\chunks
\8948.js:1:50424)
    at f (C:\Users\lujie\Documents\trae_projects\lingjingge\.next\server\chunks
\6400.js:23:9420)
    at a (C:\Users\lujie\Documents\trae_projects\lingjingge\.next\server\chunks
\53.js:1:8739)
    at i (C:\Users\lujie\Documents\trae_projects\lingjingge\.next\server\app\gu
an\name\page.js:1:2364)
    at eh (C:\Users\lujie\Documents\trae_projects\lingjingge\node_modules\next\
dist\compiled\next-server\app-page.runtime.prod.js:12:134786)
    at e (C:\Users\lujie\Documents\trae_projects\lingjingge\node_modules\next\d
ist\compiled\next-server\app-page.runtime.prod.js:12:137671)
    at ek (C:\Users\lujie\Documents\trae_projects\lingjingge\node_modules\next\
dist\compiled\next-server\app-page.runtime.prod.js:12:138145)
    at Array.toJSON (C:\Users\lujie\Documents\trae_projects\lingjingge\node_mod
ules\next\dist\compiled\next-server\app-page.runtime.prod.js:12:135755)
    at stringify (<anonymous>)
    at eR (C:\Users\lujie\Documents\trae_projects\lingjingge\node_modules\next\
dist\compiled\next-server\app-page.runtime.prod.js:12:142219) {
  description: "Route /guan/name couldn't be rendered statically because it use
d cookies. See more info here: https://nextjs.org/docs/messages/dynamic-server-
error",
  digest: 'DYNAMIC_SERVER_USAGE'
}
   Generating static pages (23/47) 
鑾峰彇鐢ㄦ埛瑙掕壊澶辫触: n [Error]: Dynamic server usage: Route /guan/name couldn't be ren
dered statically because it used cookies. See more info here: https://nextjs.or
g/docs/messages/dynamic-server-error
    at u (C:\Users\lujie\Documents\trae_projects\lingjingge\.next\server\chunks
\8948.js:1:50424)
    at f (C:\Users\lujie\Documents\trae_projects\lingjingge\.next\server\chunks
\6400.js:23:9420)
    at a (C:\Users\lujie\Documents\trae_projects\lingjingge\.next\server\chunks
\53.js:1:8739)
    at i (C:\Users\lujie\Documents\trae_projects\lingjingge\.next\server\app\gu
an\name\page.js:1:2364)
    at eh (C:\Users\lujie\Documents\trae_projects\lingjingge\node_modules\next\
dist\compiled\next-server\app-page.runtime.prod.js:12:134786)
    at e (C:\Users\lujie\Documents\trae_projects\lingjingge\node_modules\next\d
ist\compiled\next-server\app-page.runtime.prod.js:12:137671)
    at ek (C:\Users\lujie\Documents\trae_projects\lingjingge\node_modules\next\
dist\compiled\next-server\app-page.runtime.prod.js:12:138145)
    at Array.toJSON (C:\Users\lujie\Documents\trae_projects\lingjingge\node_mod
ules\next\dist\compiled\next-server\app-page.runtime.prod.js:12:135755)
    at stringify (<anonymous>)
    at eR (C:\Users\lujie\Documents\trae_projects\lingjingge\node_modules\next\
dist\compiled\next-server\app-page.runtime.prod.js:12:142219) {
  description: "Route /guan/name couldn't be rendered statically because it use
d cookies. See more info here: https://nextjs.org/docs/messages/dynamic-server-
error",
  digest: 'DYNAMIC_SERVER_USAGE'
}
鑾峰彇鐢ㄦ埛瑙掕壊澶辫触: n [Error]: Dynamic server usage: Route /wen/liao/mind couldn't be
 rendered statically because it used cookies. See more info here: https://nextj
s.org/docs/messages/dynamic-server-error
    at u (C:\Users\lujie\Documents\trae_projects\lingjingge\.next\server\chunks
\8948.js:1:50424)
    at f (C:\Users\lujie\Documents\trae_projects\lingjingge\.next\server\chunks
\6400.js:23:9420)
    at a (C:\Users\lujie\Documents\trae_projects\lingjingge\.next\server\chunks
\53.js:1:8739)
    at a (C:\Users\lujie\Documents\trae_projects\lingjingge\.next\server\app\we
n\liao\mind\page.js:1:2415)
    at eh (C:\Users\lujie\Documents\trae_projects\lingjingge\node_modules\next\
dist\compiled\next-server\app-page.runtime.prod.js:12:134786)
    at e (C:\Users\lujie\Documents\trae_projects\lingjingge\node_modules\next\d
ist\compiled\next-server\app-page.runtime.prod.js:12:137671)
    at ek (C:\Users\lujie\Documents\trae_projects\lingjingge\node_modules\next\
dist\compiled\next-server\app-page.runtime.prod.js:12:138145)
    at Array.toJSON (C:\Users\lujie\Documents\trae_projects\lingjingge\node_mod
ules\next\dist\compiled\next-server\app-page.runtime.prod.js:12:135755)
    at stringify (<anonymous>)
    at eR (C:\Users\lujie\Documents\trae_projects\lingjingge\node_modules\next\
dist\compiled\next-server\app-page.runtime.prod.js:12:142219) {
  description: "Route /wen/liao/mind couldn't be rendered statically because it
 used cookies. See more info here: https://nextjs.org/docs/messages/dynamic-ser
ver-error",
  digest: 'DYNAMIC_SERVER_USAGE'
}
鑾峰彇鐢ㄦ埛瑙掕壊澶辫触: n [Error]: Dynamic server usage: Route /wen/liao/mind couldn't be
 rendered statically because it used cookies. See more info here: https://nextj
s.org/docs/messages/dynamic-server-error
    at u (C:\Users\lujie\Documents\trae_projects\lingjingge\.next\server\chunks
\8948.js:1:50424)
    at f (C:\Users\lujie\Documents\trae_projects\lingjingge\.next\server\chunks
\6400.js:23:9420)
    at a (C:\Users\lujie\Documents\trae_projects\lingjingge\.next\server\chunks
\53.js:1:8739)
    at a (C:\Users\lujie\Documents\trae_projects\lingjingge\.next\server\app\we
n\liao\mind\page.js:1:2415)
    at eh (C:\Users\lujie\Documents\trae_projects\lingjingge\node_modules\next\
dist\compiled\next-server\app-page.runtime.prod.js:12:134786)
    at e (C:\Users\lujie\Documents\trae_projects\lingjingge\node_modules\next\d
ist\compiled\next-server\app-page.runtime.prod.js:12:137671)
    at ek (C:\Users\lujie\Documents\trae_projects\lingjingge\node_modules\next\
dist\compiled\next-server\app-page.runtime.prod.js:12:138145)
    at Array.toJSON (C:\Users\lujie\Documents\trae_projects\lingjingge\node_mod
ules\next\dist\compiled\next-server\app-page.runtime.prod.js:12:135755)
    at stringify (<anonymous>)
    at eR (C:\Users\lujie\Documents\trae_projects\lingjingge\node_modules\next\
dist\compiled\next-server\app-page.runtime.prod.js:12:142219) {
  description: "Route /wen/liao/mind couldn't be rendered statically because it
 used cookies. See more info here: https://nextjs.org/docs/messages/dynamic-ser
ver-error",
  digest: 'DYNAMIC_SERVER_USAGE'
}
鑾峰彇鐢ㄦ埛瑙掕壊澶辫触: n [Error]: Dynamic server usage: Route /guan/health couldn't be r
endered statically because it used cookies. See more info here: https://nextjs.
org/docs/messages/dynamic-server-error
    at u (C:\Users\lujie\Documents\trae_projects\lingjingge\.next\server\chunks
\8948.js:1:50424)
    at f (C:\Users\lujie\Documents\trae_projects\lingjingge\.next\server\chunks
\6400.js:23:9420)
    at a (C:\Users\lujie\Documents\trae_projects\lingjingge\.next\server\chunks
\53.js:1:8739)
    at i (C:\Users\lujie\Documents\trae_projects\lingjingge\.next\server\app\gu
an\health\page.js:1:2377)
    at eh (C:\Users\lujie\Documents\trae_projects\lingjingge\node_modules\next\
dist\compiled\next-server\app-page.runtime.prod.js:12:134786)
    at e (C:\Users\lujie\Documents\trae_projects\lingjingge\node_modules\next\d
ist\compiled\next-server\app-page.runtime.prod.js:12:137671)
    at ek (C:\Users\lujie\Documents\trae_projects\lingjingge\node_modules\next\
dist\compiled\next-server\app-page.runtime.prod.js:12:138145)
    at Array.toJSON (C:\Users\lujie\Documents\trae_projects\lingjingge\node_mod
ules\next\dist\compiled\next-server\app-page.runtime.prod.js:12:135755)
    at stringify (<anonymous>)
    at eR (C:\Users\lujie\Documents\trae_projects\lingjingge\node_modules\next\
dist\compiled\next-server\app-page.runtime.prod.js:12:142219) {
  description: "Route /guan/health couldn't be rendered statically because it u
sed cookies. See more info here: https://nextjs.org/docs/messages/dynamic-serve
r-error",
  digest: 'DYNAMIC_SERVER_USAGE'
}
鑾峰彇鐢ㄦ埛瑙掕壊澶辫触: n [Error]: Dynamic server usage: Route /guan/health couldn't be r
endered statically because it used cookies. See more info here: https://nextjs.
org/docs/messages/dynamic-server-error
    at u (C:\Users\lujie\Documents\trae_projects\lingjingge\.next\server\chunks
\8948.js:1:50424)
    at f (C:\Users\lujie\Documents\trae_projects\lingjingge\.next\server\chunks
\6400.js:23:9420)
    at a (C:\Users\lujie\Documents\trae_projects\lingjingge\.next\server\chunks
\53.js:1:8739)
    at i (C:\Users\lujie\Documents\trae_projects\lingjingge\.next\server\app\gu
an\health\page.js:1:2377)
    at eh (C:\Users\lujie\Documents\trae_projects\lingjingge\node_modules\next\
dist\compiled\next-server\app-page.runtime.prod.js:12:134786)
    at e (C:\Users\lujie\Documents\trae_projects\lingjingge\node_modules\next\d
ist\compiled\next-server\app-page.runtime.prod.js:12:137671)
    at ek (C:\Users\lujie\Documents\trae_projects\lingjingge\node_modules\next\
dist\compiled\next-server\app-page.runtime.prod.js:12:138145)
    at Array.toJSON (C:\Users\lujie\Documents\trae_projects\lingjingge\node_mod
ules\next\dist\compiled\next-server\app-page.runtime.prod.js:12:135755)
    at stringify (<anonymous>)
    at eR (C:\Users\lujie\Documents\trae_projects\lingjingge\node_modules\next\
dist\compiled\next-server\app-page.runtime.prod.js:12:142219) {
  description: "Route /guan/health couldn't be rendered statically because it u
sed cookies. See more info here: https://nextjs.org/docs/messages/dynamic-serve
r-error",
  digest: 'DYNAMIC_SERVER_USAGE'
}
鑾峰彇鐢ㄦ埛瑙掕壊澶辫触: n [Error]: Dynamic server usage: Route /wen/chan/awakening couldn
't be rendered statically because it used cookies. See more info here: https://
nextjs.org/docs/messages/dynamic-server-error
    at u (C:\Users\lujie\Documents\trae_projects\lingjingge\.next\server\chunks
\8948.js:1:50424)
    at f (C:\Users\lujie\Documents\trae_projects\lingjingge\.next\server\chunks
\6400.js:23:9420)
    at a (C:\Users\lujie\Documents\trae_projects\lingjingge\.next\server\chunks
\53.js:1:8739)
    at o (C:\Users\lujie\Documents\trae_projects\lingjingge\.next\server\app\we
n\chan\awakening\page.js:1:2437)
    at eh (C:\Users\lujie\Documents\trae_projects\lingjingge\node_modules\next\
dist\compiled\next-server\app-page.runtime.prod.js:12:134786)
    at e (C:\Users\lujie\Documents\trae_projects\lingjingge\node_modules\next\d
ist\compiled\next-server\app-page.runtime.prod.js:12:137671)
    at ek (C:\Users\lujie\Documents\trae_projects\lingjingge\node_modules\next\
dist\compiled\next-server\app-page.runtime.prod.js:12:138145)
    at Array.toJSON (C:\Users\lujie\Documents\trae_projects\lingjingge\node_mod
ules\next\dist\compiled\next-server\app-page.runtime.prod.js:12:135755)
    at stringify (<anonymous>)
    at eR (C:\Users\lujie\Documents\trae_projects\lingjingge\node_modules\next\
dist\compiled\next-server\app-page.runtime.prod.js:12:142219) {
  description: "Route /wen/chan/awakening couldn't be rendered statically becau
se it used cookies. See more info here: https://nextjs.org/docs/messages/dynami
c-server-error",
  digest: 'DYNAMIC_SERVER_USAGE'
}
鑾峰彇鐢ㄦ埛瑙掕壊澶辫触: n [Error]: Dynamic server usage: Route /wen/chan/awakening couldn
't be rendered statically because it used cookies. See more info here: https://
nextjs.org/docs/messages/dynamic-server-error
    at u (C:\Users\lujie\Documents\trae_projects\lingjingge\.next\server\chunks
\8948.js:1:50424)
    at f (C:\Users\lujie\Documents\trae_projects\lingjingge\.next\server\chunks
\6400.js:23:9420)
    at a (C:\Users\lujie\Documents\trae_projects\lingjingge\.next\server\chunks
\53.js:1:8739)
    at o (C:\Users\lujie\Documents\trae_projects\lingjingge\.next\server\app\we
n\chan\awakening\page.js:1:2437)
    at eh (C:\Users\lujie\Documents\trae_projects\lingjingge\node_modules\next\
dist\compiled\next-server\app-page.runtime.prod.js:12:134786)
    at e (C:\Users\lujie\Documents\trae_projects\lingjingge\node_modules\next\d
ist\compiled\next-server\app-page.runtime.prod.js:12:137671)
    at ek (C:\Users\lujie\Documents\trae_projects\lingjingge\node_modules\next\
dist\compiled\next-server\app-page.runtime.prod.js:12:138145)
    at Array.toJSON (C:\Users\lujie\Documents\trae_projects\lingjingge\node_mod
ules\next\dist\compiled\next-server\app-page.runtime.prod.js:12:135755)
    at stringify (<anonymous>)
    at eR (C:\Users\lujie\Documents\trae_projects\lingjingge\node_modules\next\
dist\compiled\next-server\app-page.runtime.prod.js:12:142219) {
  description: "Route /wen/chan/awakening couldn't be rendered statically becau
se it used cookies. See more info here: https://nextjs.org/docs/messages/dynami
c-server-error",
  digest: 'DYNAMIC_SERVER_USAGE'
}
鑾峰彇鐢ㄦ埛瑙掕壊澶辫触: n [Error]: Dynamic server usage: Route /wen/yi/yili couldn't be r
endered statically because it used cookies. See more info here: https://nextjs.
org/docs/messages/dynamic-server-error
    at u (C:\Users\lujie\Documents\trae_projects\lingjingge\.next\server\chunks
\8948.js:1:50424)
    at f (C:\Users\lujie\Documents\trae_projects\lingjingge\.next\server\chunks
\6400.js:23:9420)
    at a (C:\Users\lujie\Documents\trae_projects\lingjingge\.next\server\chunks
\53.js:1:8739)
    at a (C:\Users\lujie\Documents\trae_projects\lingjingge\.next\server\app\we
n\yi\yili\page.js:1:2394)
    at eh (C:\Users\lujie\Documents\trae_projects\lingjingge\node_modules\next\
dist\compiled\next-server\app-page.runtime.prod.js:12:134786)
    at e (C:\Users\lujie\Documents\trae_projects\lingjingge\node_modules\next\d
ist\compiled\next-server\app-page.runtime.prod.js:12:137671)
    at ek (C:\Users\lujie\Documents\trae_projects\lingjingge\node_modules\next\
dist\compiled\next-server\app-page.runtime.prod.js:12:138145)
    at Array.toJSON (C:\Users\lujie\Documents\trae_projects\lingjingge\node_mod
ules\next\dist\compiled\next-server\app-page.runtime.prod.js:12:135755)
    at stringify (<anonymous>)
    at eR (C:\Users\lujie\Documents\trae_projects\lingjingge\node_modules\next\
dist\compiled\next-server\app-page.runtime.prod.js:12:142219) {
  description: "Route /wen/yi/yili couldn't be rendered statically because it u
sed cookies. See more info here: https://nextjs.org/docs/messages/dynamic-serve
r-error",
  digest: 'DYNAMIC_SERVER_USAGE'
}
鑾峰彇鐢ㄦ埛瑙掕壊澶辫触: n [Error]: Dynamic server usage: Route /wen/yi/yili couldn't be r
endered statically because it used cookies. See more info here: https://nextjs.
org/docs/messages/dynamic-server-error
    at u (C:\Users\lujie\Documents\trae_projects\lingjingge\.next\server\chunks
\8948.js:1:50424)
    at f (C:\Users\lujie\Documents\trae_projects\lingjingge\.next\server\chunks
\6400.js:23:9420)
    at a (C:\Users\lujie\Documents\trae_projects\lingjingge\.next\server\chunks
\53.js:1:8739)
    at a (C:\Users\lujie\Documents\trae_projects\lingjingge\.next\server\app\we
n\yi\yili\page.js:1:2394)
    at eh (C:\Users\lujie\Documents\trae_projects\lingjingge\node_modules\next\
dist\compiled\next-server\app-page.runtime.prod.js:12:134786)
    at e (C:\Users\lujie\Documents\trae_projects\lingjingge\node_modules\next\d
ist\compiled\next-server\app-page.runtime.prod.js:12:137671)
    at ek (C:\Users\lujie\Documents\trae_projects\lingjingge\node_modules\next\
dist\compiled\next-server\app-page.runtime.prod.js:12:138145)
    at Array.toJSON (C:\Users\lujie\Documents\trae_projects\lingjingge\node_mod
ules\next\dist\compiled\next-server\app-page.runtime.prod.js:12:135755)
    at stringify (<anonymous>)
    at eR (C:\Users\lujie\Documents\trae_projects\lingjingge\node_modules\next\
dist\compiled\next-server\app-page.runtime.prod.js:12:142219) {
  description: "Route /wen/yi/yili couldn't be rendered statically because it u
sed cookies. See more info here: https://nextjs.org/docs/messages/dynamic-serve
r-error",
  digest: 'DYNAMIC_SERVER_USAGE'
}
鑾峰彇鐢ㄦ埛瑙掕壊澶辫触: n [Error]: Dynamic server usage: Route /guan/tili couldn't be ren
dered statically because it used cookies. See more info here: https://nextjs.or
g/docs/messages/dynamic-server-error
    at u (C:\Users\lujie\Documents\trae_projects\lingjingge\.next\server\chunks
\8948.js:1:50424)
    at f (C:\Users\lujie\Documents\trae_projects\lingjingge\.next\server\chunks
\6400.js:23:9420)
    at a (C:\Users\lujie\Documents\trae_projects\lingjingge\.next\server\chunks
\53.js:1:8739)
    at u (C:\Users\lujie\Documents\trae_projects\lingjingge\.next\server\app\gu
an\tili\page.js:3:4790)
    at eh (C:\Users\lujie\Documents\trae_projects\lingjingge\node_modules\next\
dist\compiled\next-server\app-page.runtime.prod.js:12:134786)
    at e (C:\Users\lujie\Documents\trae_projects\lingjingge\node_modules\next\d
ist\compiled\next-server\app-page.runtime.prod.js:12:137671)
    at ek (C:\Users\lujie\Documents\trae_projects\lingjingge\node_modules\next\
dist\compiled\next-server\app-page.runtime.prod.js:12:138145)
    at Array.toJSON (C:\Users\lujie\Documents\trae_projects\lingjingge\node_mod
ules\next\dist\compiled\next-server\app-page.runtime.prod.js:12:135755)
    at stringify (<anonymous>)
    at eR (C:\Users\lujie\Documents\trae_projects\lingjingge\node_modules\next\
dist\compiled\next-server\app-page.runtime.prod.js:12:142219) {
  description: "Route /guan/tili couldn't be rendered statically because it use
d cookies. See more info here: https://nextjs.org/docs/messages/dynamic-server-
error",
  digest: 'DYNAMIC_SERVER_USAGE'
}
鑾峰彇鐢ㄦ埛瑙掕壊澶辫触: n [Error]: Dynamic server usage: Route /guan/tili couldn't be ren
dered statically because it used cookies. See more info here: https://nextjs.or
g/docs/messages/dynamic-server-error
    at u (C:\Users\lujie\Documents\trae_projects\lingjingge\.next\server\chunks
\8948.js:1:50424)
    at f (C:\Users\lujie\Documents\trae_projects\lingjingge\.next\server\chunks
\6400.js:23:9420)
    at a (C:\Users\lujie\Documents\trae_projects\lingjingge\.next\server\chunks
\53.js:1:8739)
    at u (C:\Users\lujie\Documents\trae_projects\lingjingge\.next\server\app\gu
an\tili\page.js:3:4790)
    at eh (C:\Users\lujie\Documents\trae_projects\lingjingge\node_modules\next\
dist\compiled\next-server\app-page.runtime.prod.js:12:134786)
    at e (C:\Users\lujie\Documents\trae_projects\lingjingge\node_modules\next\d
ist\compiled\next-server\app-page.runtime.prod.js:12:137671)
    at ek (C:\Users\lujie\Documents\trae_projects\lingjingge\node_modules\next\
dist\compiled\next-server\app-page.runtime.prod.js:12:138145)
    at Array.toJSON (C:\Users\lujie\Documents\trae_projects\lingjingge\node_mod
ules\next\dist\compiled\next-server\app-page.runtime.prod.js:12:135755)
    at stringify (<anonymous>)
    at eR (C:\Users\lujie\Documents\trae_projects\lingjingge\node_modules\next\
dist\compiled\next-server\app-page.runtime.prod.js:12:142219) {
  description: "Route /guan/tili couldn't be rendered statically because it use
d cookies. See more info here: https://nextjs.org/docs/messages/dynamic-server-
error",
  digest: 'DYNAMIC_SERVER_USAGE'
}
   Generating static pages (35/47) 
鑾峰彇鐢ㄦ埛瑙掕壊澶辫触: n [Error]: Dynamic server usage: Route /wen/liao/healing couldn't
 be rendered statically because it used cookies. See more info here: https://ne
xtjs.org/docs/messages/dynamic-server-error
    at u (C:\Users\lujie\Documents\trae_projects\lingjingge\.next\server\chunks
\8948.js:1:50424)
    at f (C:\Users\lujie\Documents\trae_projects\lingjingge\.next\server\chunks
\6400.js:23:9420)
    at a (C:\Users\lujie\Documents\trae_projects\lingjingge\.next\server\chunks
\53.js:1:8739)
    at o (C:\Users\lujie\Documents\trae_projects\lingjingge\.next\server\app\we
n\liao\healing\page.js:1:2425)
    at eh (C:\Users\lujie\Documents\trae_projects\lingjingge\node_modules\next\
dist\compiled\next-server\app-page.runtime.prod.js:12:134786)
    at e (C:\Users\lujie\Documents\trae_projects\lingjingge\node_modules\next\d
ist\compiled\next-server\app-page.runtime.prod.js:12:137671)
    at ek (C:\Users\lujie\Documents\trae_projects\lingjingge\node_modules\next\
dist\compiled\next-server\app-page.runtime.prod.js:12:138145)
    at Array.toJSON (C:\Users\lujie\Documents\trae_projects\lingjingge\node_mod
ules\next\dist\compiled\next-server\app-page.runtime.prod.js:12:135755)
    at stringify (<anonymous>)
    at eR (C:\Users\lujie\Documents\trae_projects\lingjingge\node_modules\next\
dist\compiled\next-server\app-page.runtime.prod.js:12:142219) {
  description: "Route /wen/liao/healing couldn't be rendered statically because
 it used cookies. See more info here: https://nextjs.org/docs/messages/dynamic-
server-error",
  digest: 'DYNAMIC_SERVER_USAGE'
}
鑾峰彇鐢ㄦ埛瑙掕壊澶辫触: n [Error]: Dynamic server usage: Route /wen/liao/healing couldn't
 be rendered statically because it used cookies. See more info here: https://ne
xtjs.org/docs/messages/dynamic-server-error
    at u (C:\Users\lujie\Documents\trae_projects\lingjingge\.next\server\chunks
\8948.js:1:50424)
    at f (C:\Users\lujie\Documents\trae_projects\lingjingge\.next\server\chunks
\6400.js:23:9420)
    at a (C:\Users\lujie\Documents\trae_projects\lingjingge\.next\server\chunks
\53.js:1:8739)
    at o (C:\Users\lujie\Documents\trae_projects\lingjingge\.next\server\app\we
n\liao\healing\page.js:1:2425)
    at eh (C:\Users\lujie\Documents\trae_projects\lingjingge\node_modules\next\
dist\compiled\next-server\app-page.runtime.prod.js:12:134786)
    at e (C:\Users\lujie\Documents\trae_projects\lingjingge\node_modules\next\d
ist\compiled\next-server\app-page.runtime.prod.js:12:137671)
    at ek (C:\Users\lujie\Documents\trae_projects\lingjingge\node_modules\next\
dist\compiled\next-server\app-page.runtime.prod.js:12:138145)
    at Array.toJSON (C:\Users\lujie\Documents\trae_projects\lingjingge\node_mod
ules\next\dist\compiled\next-server\app-page.runtime.prod.js:12:135755)
    at stringify (<anonymous>)
    at eR (C:\Users\lujie\Documents\trae_projects\lingjingge\node_modules\next\
dist\compiled\next-server\app-page.runtime.prod.js:12:142219) {
  description: "Route /wen/liao/healing couldn't be rendered statically because
 it used cookies. See more info here: https://nextjs.org/docs/messages/dynamic-
server-error",
  digest: 'DYNAMIC_SERVER_USAGE'
}
鑾峰彇鐢ㄦ埛瑙掕壊澶辫触: n [Error]: Dynamic server usage: Route /wen/liao/parenting couldn
't be rendered statically because it used cookies. See more info here: https://
nextjs.org/docs/messages/dynamic-server-error
    at u (C:\Users\lujie\Documents\trae_projects\lingjingge\.next\server\chunks
\8948.js:1:50424)
    at f (C:\Users\lujie\Documents\trae_projects\lingjingge\.next\server\chunks
\6400.js:23:9420)
    at a (C:\Users\lujie\Documents\trae_projects\lingjingge\.next\server\chunks
\53.js:1:8739)
    at o (C:\Users\lujie\Documents\trae_projects\lingjingge\.next\server\app\we
n\liao\parenting\page.js:1:2437)
    at eh (C:\Users\lujie\Documents\trae_projects\lingjingge\node_modules\next\
dist\compiled\next-server\app-page.runtime.prod.js:12:134786)
    at e (C:\Users\lujie\Documents\trae_projects\lingjingge\node_modules\next\d
ist\compiled\next-server\app-page.runtime.prod.js:12:137671)
    at ek (C:\Users\lujie\Documents\trae_projects\lingjingge\node_modules\next\
dist\compiled\next-server\app-page.runtime.prod.js:12:138145)
    at Array.toJSON (C:\Users\lujie\Documents\trae_projects\lingjingge\node_mod
ules\next\dist\compiled\next-server\app-page.runtime.prod.js:12:135755)
    at stringify (<anonymous>)
    at eR (C:\Users\lujie\Documents\trae_projects\lingjingge\node_modules\next\
dist\compiled\next-server\app-page.runtime.prod.js:12:142219) {
  description: "Route /wen/liao/parenting couldn't be rendered statically becau
se it used cookies. See more info here: https://nextjs.org/docs/messages/dynami
c-server-error",
  digest: 'DYNAMIC_SERVER_USAGE'
}
鑾峰彇鐢ㄦ埛瑙掕壊澶辫触: n [Error]: Dynamic server usage: Route /wen/liao/parenting couldn
't be rendered statically because it used cookies. See more info here: https://
nextjs.org/docs/messages/dynamic-server-error
    at u (C:\Users\lujie\Documents\trae_projects\lingjingge\.next\server\chunks
\8948.js:1:50424)
    at f (C:\Users\lujie\Documents\trae_projects\lingjingge\.next\server\chunks
\6400.js:23:9420)
    at a (C:\Users\lujie\Documents\trae_projects\lingjingge\.next\server\chunks
\53.js:1:8739)
    at o (C:\Users\lujie\Documents\trae_projects\lingjingge\.next\server\app\we
n\liao\parenting\page.js:1:2437)
    at eh (C:\Users\lujie\Documents\trae_projects\lingjingge\node_modules\next\
dist\compiled\next-server\app-page.runtime.prod.js:12:134786)
    at e (C:\Users\lujie\Documents\trae_projects\lingjingge\node_modules\next\d
ist\compiled\next-server\app-page.runtime.prod.js:12:137671)
    at ek (C:\Users\lujie\Documents\trae_projects\lingjingge\node_modules\next\
dist\compiled\next-server\app-page.runtime.prod.js:12:138145)
    at Array.toJSON (C:\Users\lujie\Documents\trae_projects\lingjingge\node_mod
ules\next\dist\compiled\next-server\app-page.runtime.prod.js:12:135755)
    at stringify (<anonymous>)
    at eR (C:\Users\lujie\Documents\trae_projects\lingjingge\node_modules\next\
dist\compiled\next-server\app-page.runtime.prod.js:12:142219) {
  description: "Route /wen/liao/parenting couldn't be rendered statically becau
se it used cookies. See more info here: https://nextjs.org/docs/messages/dynami
c-server-error",
  digest: 'DYNAMIC_SERVER_USAGE'
}
鑾峰彇鐢ㄦ埛瑙掕壊澶辫触: n [Error]: Dynamic server usage: Route /guan/mingli couldn't be r
endered statically because it used cookies. See more info here: https://nextjs.
org/docs/messages/dynamic-server-error
    at u (C:\Users\lujie\Documents\trae_projects\lingjingge\.next\server\chunks
\8948.js:1:50424)
    at f (C:\Users\lujie\Documents\trae_projects\lingjingge\.next\server\chunks
\6400.js:23:9420)
    at a (C:\Users\lujie\Documents\trae_projects\lingjingge\.next\server\chunks
\53.js:1:8739)
    at o (C:\Users\lujie\Documents\trae_projects\lingjingge\.next\server\app\gu
an\mingli\page.js:1:2379)
    at eh (C:\Users\lujie\Documents\trae_projects\lingjingge\node_modules\next\
dist\compiled\next-server\app-page.runtime.prod.js:12:134786)
    at e (C:\Users\lujie\Documents\trae_projects\lingjingge\node_modules\next\d
ist\compiled\next-server\app-page.runtime.prod.js:12:137671)
    at ek (C:\Users\lujie\Documents\trae_projects\lingjingge\node_modules\next\
dist\compiled\next-server\app-page.runtime.prod.js:12:138145)
    at Array.toJSON (C:\Users\lujie\Documents\trae_projects\lingjingge\node_mod
ules\next\dist\compiled\next-server\app-page.runtime.prod.js:12:135755)
    at stringify (<anonymous>)
    at eR (C:\Users\lujie\Documents\trae_projects\lingjingge\node_modules\next\
dist\compiled\next-server\app-page.runtime.prod.js:12:142219) {
  description: "Route /guan/mingli couldn't be rendered statically because it u
sed cookies. See more info here: https://nextjs.org/docs/messages/dynamic-serve
r-error",
  digest: 'DYNAMIC_SERVER_USAGE'
}
鑾峰彇鐢ㄦ埛瑙掕壊澶辫触: n [Error]: Dynamic server usage: Route /guan/mingli couldn't be r
endered statically because it used cookies. See more info here: https://nextjs.
org/docs/messages/dynamic-server-error
    at u (C:\Users\lujie\Documents\trae_projects\lingjingge\.next\server\chunks
\8948.js:1:50424)
    at f (C:\Users\lujie\Documents\trae_projects\lingjingge\.next\server\chunks
\6400.js:23:9420)
    at a (C:\Users\lujie\Documents\trae_projects\lingjingge\.next\server\chunks
\53.js:1:8739)
    at o (C:\Users\lujie\Documents\trae_projects\lingjingge\.next\server\app\gu
an\mingli\page.js:1:2379)
    at eh (C:\Users\lujie\Documents\trae_projects\lingjingge\node_modules\next\
dist\compiled\next-server\app-page.runtime.prod.js:12:134786)
    at e (C:\Users\lujie\Documents\trae_projects\lingjingge\node_modules\next\d
ist\compiled\next-server\app-page.runtime.prod.js:12:137671)
    at ek (C:\Users\lujie\Documents\trae_projects\lingjingge\node_modules\next\
dist\compiled\next-server\app-page.runtime.prod.js:12:138145)
    at Array.toJSON (C:\Users\lujie\Documents\trae_projects\lingjingge\node_mod
ules\next\dist\compiled\next-server\app-page.runtime.prod.js:12:135755)
    at stringify (<anonymous>)
    at eR (C:\Users\lujie\Documents\trae_projects\lingjingge\node_modules\next\
dist\compiled\next-server\app-page.runtime.prod.js:12:142219) {
  description: "Route /guan/mingli couldn't be rendered statically because it u
sed cookies. See more info here: https://nextjs.org/docs/messages/dynamic-serve
r-error",
  digest: 'DYNAMIC_SERVER_USAGE'
}
鑾峰彇鐢ㄦ埛瑙掕壊澶辫触: n [Error]: Dynamic server usage: Route /zang/meditation couldn't 
be rendered statically because it used cookies. See more info here: https://nex
tjs.org/docs/messages/dynamic-server-error
    at u (C:\Users\lujie\Documents\trae_projects\lingjingge\.next\server\chunks
\8948.js:1:50424)
    at f (C:\Users\lujie\Documents\trae_projects\lingjingge\.next\server\chunks
\6400.js:23:9420)
    at a (C:\Users\lujie\Documents\trae_projects\lingjingge\.next\server\chunks
\53.js:1:8739)
    at a (C:\Users\lujie\Documents\trae_projects\lingjingge\.next\server\app\za
ng\meditation\page.js:1:2322)
    at eh (C:\Users\lujie\Documents\trae_projects\lingjingge\node_modules\next\
dist\compiled\next-server\app-page.runtime.prod.js:12:134786)
    at e (C:\Users\lujie\Documents\trae_projects\lingjingge\node_modules\next\d
ist\compiled\next-server\app-page.runtime.prod.js:12:137671)
    at ek (C:\Users\lujie\Documents\trae_projects\lingjingge\node_modules\next\
dist\compiled\next-server\app-page.runtime.prod.js:12:138145)
    at Array.toJSON (C:\Users\lujie\Documents\trae_projects\lingjingge\node_mod
ules\next\dist\compiled\next-server\app-page.runtime.prod.js:12:135755)
    at stringify (<anonymous>)
    at eR (C:\Users\lujie\Documents\trae_projects\lingjingge\node_modules\next\
dist\compiled\next-server\app-page.runtime.prod.js:12:142219) {
  description: "Route /zang/meditation couldn't be rendered statically because 
it used cookies. See more info here: https://nextjs.org/docs/messages/dynamic-s
erver-error",
  digest: 'DYNAMIC_SERVER_USAGE'
}
鑾峰彇鐢ㄦ埛瑙掕壊澶辫触: n [Error]: Dynamic server usage: Route /zang/meditation couldn't 
be rendered statically because it used cookies. See more info here: https://nex
tjs.org/docs/messages/dynamic-server-error
    at u (C:\Users\lujie\Documents\trae_projects\lingjingge\.next\server\chunks
\8948.js:1:50424)
    at f (C:\Users\lujie\Documents\trae_projects\lingjingge\.next\server\chunks
\6400.js:23:9420)
    at a (C:\Users\lujie\Documents\trae_projects\lingjingge\.next\server\chunks
\53.js:1:8739)
    at a (C:\Users\lujie\Documents\trae_projects\lingjingge\.next\server\app\za
ng\meditation\page.js:1:2322)
    at eh (C:\Users\lujie\Documents\trae_projects\lingjingge\node_modules\next\
dist\compiled\next-server\app-page.runtime.prod.js:12:134786)
    at e (C:\Users\lujie\Documents\trae_projects\lingjingge\node_modules\next\d
ist\compiled\next-server\app-page.runtime.prod.js:12:137671)
    at ek (C:\Users\lujie\Documents\trae_projects\lingjingge\node_modules\next\
dist\compiled\next-server\app-page.runtime.prod.js:12:138145)
    at Array.toJSON (C:\Users\lujie\Documents\trae_projects\lingjingge\node_mod
ules\next\dist\compiled\next-server\app-page.runtime.prod.js:12:135755)
    at stringify (<anonymous>)
    at eR (C:\Users\lujie\Documents\trae_projects\lingjingge\node_modules\next\
dist\compiled\next-server\app-page.runtime.prod.js:12:142219) {
  description: "Route /zang/meditation couldn't be rendered statically because 
it used cookies. See more info here: https://nextjs.org/docs/messages/dynamic-s
erver-error",
  digest: 'DYNAMIC_SERVER_USAGE'
}
 鉁?Generating static pages (47/47)
   Finalizing page optimization ...
   Collecting build traces ...

Route (app)                              Size     First Load JS
鈹?鈼?/                                    3.58 kB         139 kB
鈹?鈼?/_not-found                          147 B          87.4 kB
鈹?茠 /api/articles/translate              0 B                0 B
鈹?茠 /api/community/auto-reply            0 B                0 B
鈹?茠 /api/community/seed                  0 B                0 B
鈹?茠 /api/create-checkout-session         0 B                0 B
鈹?茠 /api/cron/daily-topic                0 B                0 B
鈹?鈼?/api/daily-zen                       0 B                0 B
鈹?茠 /api/dify                            0 B                0 B
鈹?茠 /api/dify/community                  0 B                0 B
鈹?茠 /api/feedback                        0 B                0 B
鈹?茠 /api/polar-webhook                   0 B                0 B
鈹?茠 /api/polar/webhook                   0 B                0 B
鈹?茠 /api/stripe-webhook                  0 B                0 B
鈹?茠 /api/sync-subscription               0 B                0 B
鈹?鈼?/api/test/dify-batch                 0 B                0 B
鈹?茠 /api/user/activity                   0 B                0 B
鈹?茠 /guan/health                         154 B           171 kB
鈹?茠 /guan/mingli                         154 B           171 kB
鈹?茠 /guan/name                           154 B           171 kB
鈹?茠 /guan/pastlife                       4.76 kB         195 kB
鈹?茠 /guan/tili                           6.63 kB         161 kB
鈹?鈼?/home                                6.51 kB         142 kB
鈹?鈼?/test/dify-api-test                  2.66 kB        89.9 kB
鈹?鈼?/tong/community                      4 kB            159 kB
鈹?茠 /tong/community/[id]                 4.01 kB         159 kB
鈹?鈼?/tong/community/api-test             2.44 kB        89.7 kB
鈹?鈼?/tong/community/new                  2.66 kB         157 kB
鈹?鈼?/tong/community/topics               1.62 kB         156 kB
鈹?鈼?/tong/login                          2.21 kB         150 kB
鈹?鈼?/tong/pricing                        3.06 kB         151 kB
鈹?茠 /tong/profile                        911 B          94.9 kB
鈹?鈼?/tong/profile/subscriptions          11.2 kB         166 kB
鈹?鈼?/tong/signup                         2.96 kB         151 kB
鈹?鈼?/tong/test-subscription              3.65 kB        97.7 kB
鈹?鈼?/wen/chan/ai-zen-master              4.17 kB         152 kB
鈹?茠 /wen/chan/awakening                  154 B           171 kB
鈹?鈼?/wen/chan/gongan                     3.97 kB         152 kB
鈹?茠 /wen/liao/healing                    154 B           171 kB
鈹?茠 /wen/liao/mind                       154 B           171 kB
鈹?茠 /wen/liao/parenting                  154 B           171 kB
鈹?茠 /wen/yi/yili                         154 B           171 kB
鈹?鈼?/zang/library                        4.52 kB         159 kB
鈹?茠 /zang/library/[category]             4.18 kB         159 kB
鈹?茠 /zang/library/[category]/[slug]      3.38 kB         158 kB
鈹?鈼?/zang/library/terms                  2.79 kB         157 kB
鈹?鈼?/zang/lineage                        6.06 kB         134 kB
鈹?茠 /zang/meditation                     154 B           171 kB
+ First Load JS shared by all            87.2 kB
  鈹?chunks/7023-fcd11e839cb6809c.js      31.5 kB
  鈹?chunks/fd9d1056-7d6b1a3ae35afa2f.js  53.6 kB
  鈹?other shared chunks (total)          2.13 kB


茠 Middleware                             81.5 kB

鈼? (Static)   prerendered as static content
茠  (Dynamic)  server-rendered on demand

